Argus v2 evolution — run v2, budget 5 min, seed 42

Data: 3951 bars, 71 curated events
Train: 2010-08-18 → 2022-12-31 (2602 bars, 7.1yr)
Test:  2023-01-01 → 2026-09-10 (1349 bars, 3.7yr)
Indicators + event-state precomputed

Buy-hold train: $1000 → $236320000
Buy-hold test:  $1000 → $4702

Gen    1 | fit   2.291 | CAGR   69.9% | DD  30.5% | Calmar   2.29 | trades  104 | ✓
Gen    2 | fit   2.458 | CAGR   85.2% | DD  34.7% | Calmar   2.46 | trades   64 | ✓
Gen    6 | fit   4.328 | CAGR   75.0% | DD  17.3% | Calmar   4.33 | trades  182 | ✓
Gen   11 | fit   5.359 | CAGR   75.0% | DD  14.0% | Calmar   5.36 | trades  358 | ✓
Gen   16 | fit   6.503 | CAGR  184.2% | DD  28.3% | Calmar   6.50 | trades  464 | ✓
Gen   21 | fit   7.997 | CAGR  241.2% | DD  30.2% | Calmar   8.00 | trades  426 | ✓
Gen   26 | fit   8.367 | CAGR  236.4% | DD  28.2% | Calmar   8.37 | trades  416 | ✓
Gen   31 | fit   8.367 | CAGR  236.4% | DD  28.2% | Calmar   8.37 | trades  416 | ✓
Gen   36 | fit   8.367 | CAGR  236.4% | DD  28.2% | Calmar   8.37 | trades  416 | ✓
Gen   41 | fit   8.475 | CAGR  243.9% | DD  28.8% | Calmar   8.48 | trades  398 | ✓
Gen   46 | fit   9.004 | CAGR  254.4% | DD  28.2% | Calmar   9.00 | trades  400 | ✓
Gen   51 | fit   9.437 | CAGR  268.1% | DD  28.4% | Calmar   9.44 | trades  396 | ✓
Gen   56 | fit   9.437 | CAGR  268.1% | DD  28.4% | Calmar   9.44 | trades  396 | ✓
Gen   61 | fit   9.547 | CAGR  269.7% | DD  28.2% | Calmar   9.55 | trades  396 | ✓
Gen   66 | fit   9.552 | CAGR  269.8% | DD  28.2% | Calmar   9.55 | trades  398 | ✓
Gen   71 | fit   9.553 | CAGR  269.9% | DD  28.2% | Calmar   9.55 | trades  398 | ✓
Gen   76 | fit   9.721 | CAGR  274.6% | DD  28.2% | Calmar   9.72 | trades  396 | ✓
Gen   81 | fit   9.721 | CAGR  274.6% | DD  28.2% | Calmar   9.72 | trades  396 | ✓
Gen   86 | fit   9.777 | CAGR  276.2% | DD  28.2% | Calmar   9.78 | trades  394 | ✓
Gen   91 | fit   9.797 | CAGR  276.8% | DD  28.2% | Calmar   9.80 | trades  394 | ✓
Gen   96 | fit   9.799 | CAGR  276.8% | DD  28.2% | Calmar   9.80 | trades  394 | ✓
Gen  101 | fit   9.846 | CAGR  278.1% | DD  28.2% | Calmar   9.85 | trades  394 | ✓
Gen  106 | fit   9.875 | CAGR  279.0% | DD  28.2% | Calmar   9.87 | trades  394 | ✓
Gen  111 | fit   9.893 | CAGR  279.5% | DD  28.2% | Calmar   9.89 | trades  394 | ✓
Gen  116 | fit   9.908 | CAGR  279.9% | DD  28.2% | Calmar   9.91 | trades  394 | ✓
Gen  121 | fit   9.914 | CAGR  280.1% | DD  28.2% | Calmar   9.91 | trades  394 | ✓
Gen  126 | fit   9.915 | CAGR  280.1% | DD  28.2% | Calmar   9.92 | trades  394 | ✓
Gen  131 | fit   9.918 | CAGR  280.2% | DD  28.2% | Calmar   9.92 | trades  394 | ✓
Gen  136 | fit   9.921 | CAGR  280.3% | DD  28.2% | Calmar   9.92 | trades  394 | ✓
Gen  141 | fit   9.922 | CAGR  280.3% | DD  28.2% | Calmar   9.92 | trades  394 | ✓
Gen  146 | fit   9.923 | CAGR  280.3% | DD  28.2% | Calmar   9.92 | trades  394 | ✓
Gen  151 | fit   9.948 | CAGR  281.0% | DD  28.2% | Calmar   9.95 | trades  394 | ✓
Gen  156 | fit   9.949 | CAGR  281.1% | DD  28.2% | Calmar   9.95 | trades  394 | ✓
Gen  161 | fit   9.949 | CAGR  281.1% | DD  28.2% | Calmar   9.95 | trades  394 | ✓
Gen  166 | fit   9.954 | CAGR  281.2% | DD  28.2% | Calmar   9.95 | trades  394 | ✓
Gen  171 | fit   9.958 | CAGR  281.3% | DD  28.2% | Calmar   9.96 | trades  394 | ✓
Gen  176 | fit   9.958 | CAGR  281.3% | DD  28.2% | Calmar   9.96 | trades  394 | ✓
Gen  181 | fit   9.958 | CAGR  281.3% | DD  28.2% | Calmar   9.96 | trades  394 | ✓
Gen  186 | fit   9.959 | CAGR  281.3% | DD  28.2% | Calmar   9.96 | trades  394 | ✓
Gen  191 | fit  10.050 | CAGR  285.2% | DD  28.4% | Calmar  10.05 | trades  400 | ✓
Gen  196 | fit  10.144 | CAGR  287.9% | DD  28.4% | Calmar  10.14 | trades  396 | ✓
Gen  201 | fit  10.145 | CAGR  287.9% | DD  28.4% | Calmar  10.14 | trades  396 | ✓
Gen  206 | fit  10.148 | CAGR  288.0% | DD  28.4% | Calmar  10.15 | trades  396 | ✓
Gen  211 | fit  10.149 | CAGR  288.0% | DD  28.4% | Calmar  10.15 | trades  396 | ✓
Gen  216 | fit  10.150 | CAGR  288.0% | DD  28.4% | Calmar  10.15 | trades  396 | ✓
Gen  221 | fit  10.150 | CAGR  288.0% | DD  28.4% | Calmar  10.15 | trades  396 | ✓
Gen  226 | fit  10.150 | CAGR  288.0% | DD  28.4% | Calmar  10.15 | trades  396 | ✓
Gen  231 | fit  10.151 | CAGR  288.1% | DD  28.4% | Calmar  10.15 | trades  396 | ✓
Gen  236 | fit  10.151 | CAGR  288.1% | DD  28.4% | Calmar  10.15 | trades  396 | ✓
Gen  241 | fit  10.151 | CAGR  288.1% | DD  28.4% | Calmar  10.15 | trades  396 | ✓
Gen  246 | fit  10.151 | CAGR  288.1% | DD  28.4% | Calmar  10.15 | trades  396 | ✓
Gen  251 | fit  10.151 | CAGR  288.1% | DD  28.4% | Calmar  10.15 | trades  396 | ✓
Gen  256 | fit  10.151 | CAGR  288.1% | DD  28.4% | Calmar  10.15 | trades  396 | ✓
Gen  261 | fit  10.155 | CAGR  286.9% | DD  28.2% | Calmar  10.15 | trades  396 | ✓
Gen  266 | fit  10.155 | CAGR  286.9% | DD  28.2% | Calmar  10.15 | trades  396 | ✓
Gen  271 | fit  10.156 | CAGR  286.9% | DD  28.2% | Calmar  10.16 | trades  396 | ✓
Gen  276 | fit  10.160 | CAGR  287.0% | DD  28.2% | Calmar  10.16 | trades  396 | ✓
Gen  281 | fit  10.162 | CAGR  287.1% | DD  28.2% | Calmar  10.16 | trades  396 | ✓
Gen  286 | fit  10.162 | CAGR  287.1% | DD  28.2% | Calmar  10.16 | trades  396 | ✓
Gen  291 | fit  10.162 | CAGR  287.1% | DD  28.2% | Calmar  10.16 | trades  396 | ✓
Gen  296 | fit  10.162 | CAGR  287.1% | DD  28.2% | Calmar  10.16 | trades  396 | ✓
Gen  301 | fit  10.162 | CAGR  287.1% | DD  28.2% | Calmar  10.16 | trades  396 | ✓
Gen  306 | fit  10.162 | CAGR  287.1% | DD  28.2% | Calmar  10.16 | trades  396 | ✓
Gen  311 | fit  10.163 | CAGR  287.1% | DD  28.2% | Calmar  10.16 | trades  396 | ✓
Gen  316 | fit  10.163 | CAGR  287.1% | DD  28.2% | Calmar  10.16 | trades  396 | ✓
Gen  321 | fit  10.163 | CAGR  287.1% | DD  28.2% | Calmar  10.16 | trades  396 | ✓
Gen  326 | fit  10.166 | CAGR  287.2% | DD  28.2% | Calmar  10.17 | trades  396 | ✓
Gen  331 | fit  10.167 | CAGR  287.2% | DD  28.2% | Calmar  10.17 | trades  396 | ✓
Gen  336 | fit  10.169 | CAGR  287.3% | DD  28.2% | Calmar  10.17 | trades  396 | ✓
Gen  341 | fit  10.170 | CAGR  287.3% | DD  28.2% | Calmar  10.17 | trades  396 | ✓
Gen  346 | fit  10.170 | CAGR  287.3% | DD  28.2% | Calmar  10.17 | trades  396 | ✓
Gen  351 | fit  10.170 | CAGR  287.3% | DD  28.2% | Calmar  10.17 | trades  396 | ✓
Gen  356 | fit  10.170 | CAGR  287.3% | DD  28.2% | Calmar  10.17 | trades  396 | ✓
Gen  361 | fit  10.170 | CAGR  287.3% | DD  28.2% | Calmar  10.17 | trades  396 | ✓
Gen  366 | fit  10.170 | CAGR  287.3% | DD  28.2% | Calmar  10.17 | trades  396 | ✓
Gen  371 | fit  10.170 | CAGR  287.3% | DD  28.2% | Calmar  10.17 | trades  396 | ✓
Gen  376 | fit  10.170 | CAGR  287.3% | DD  28.2% | Calmar  10.17 | trades  396 | ✓
Gen  381 | fit  10.170 | CAGR  287.3% | DD  28.2% | Calmar  10.17 | trades  396 | ✓
Gen  386 | fit  10.170 | CAGR  287.3% | DD  28.2% | Calmar  10.17 | trades  396 | ✓
Gen  391 | fit  10.170 | CAGR  287.3% | DD  28.2% | Calmar  10.17 | trades  396 | ✓
Gen  396 | fit  10.170 | CAGR  287.3% | DD  28.2% | Calmar  10.17 | trades  396 | ✓
Gen  401 | fit  10.170 | CAGR  287.3% | DD  28.2% | Calmar  10.17 | trades  396 | ✓
Gen  406 | fit  10.170 | CAGR  287.3% | DD  28.2% | Calmar  10.17 | trades  396 | ✓
Gen  411 | fit  10.170 | CAGR  287.3% | DD  28.2% | Calmar  10.17 | trades  396 | ✓
Gen  416 | fit  10.170 | CAGR  287.3% | DD  28.2% | Calmar  10.17 | trades  396 | ✓
Gen  421 | fit  10.170 | CAGR  287.3% | DD  28.2% | Calmar  10.17 | trades  396 | ✓
Gen  426 | fit  10.170 | CAGR  287.3% | DD  28.2% | Calmar  10.17 | trades  396 | ✓
Gen  431 | fit  10.170 | CAGR  287.3% | DD  28.2% | Calmar  10.17 | trades  396 | ✓
Gen  436 | fit  10.170 | CAGR  287.3% | DD  28.2% | Calmar  10.17 | trades  396 | ✓
Gen  441 | fit  10.170 | CAGR  287.3% | DD  28.2% | Calmar  10.17 | trades  396 | ✓
Gen  446 | fit  10.170 | CAGR  287.3% | DD  28.2% | Calmar  10.17 | trades  396 | ✓
Gen  451 | fit  10.170 | CAGR  287.3% | DD  28.2% | Calmar  10.17 | trades  396 | ✓
Gen  456 | fit  10.170 | CAGR  287.3% | DD  28.2% | Calmar  10.17 | trades  396 | ✓
Gen  461 | fit  10.170 | CAGR  287.3% | DD  28.2% | Calmar  10.17 | trades  396 | ✓
Gen  466 | fit  10.170 | CAGR  287.3% | DD  28.2% | Calmar  10.17 | trades  396 | ✓
Gen  471 | fit  10.170 | CAGR  287.3% | DD  28.2% | Calmar  10.17 | trades  396 | ✓
Gen  476 | fit  10.170 | CAGR  287.3% | DD  28.2% | Calmar  10.17 | trades  396 | ✓
Gen  481 | fit  10.170 | CAGR  287.3% | DD  28.2% | Calmar  10.17 | trades  396 | ✓
Gen  486 | fit  10.170 | CAGR  287.3% | DD  28.2% | Calmar  10.17 | trades  396 | ✓
Gen  491 | fit  10.170 | CAGR  287.3% | DD  28.2% | Calmar  10.17 | trades  396 | ✓
Gen  496 | fit  10.170 | CAGR  287.3% | DD  28.2% | Calmar  10.17 | trades  396 | ✓
Gen  501 | fit  10.170 | CAGR  287.3% | DD  28.2% | Calmar  10.17 | trades  396 | ✓
Gen  506 | fit  10.170 | CAGR  287.3% | DD  28.2% | Calmar  10.17 | trades  396 | ✓
Gen  511 | fit  10.170 | CAGR  287.3% | DD  28.2% | Calmar  10.17 | trades  396 | ✓
Gen  516 | fit  10.170 | CAGR  287.3% | DD  28.2% | Calmar  10.17 | trades  396 | ✓
Gen  521 | fit  10.170 | CAGR  287.3% | DD  28.2% | Calmar  10.17 | trades  396 | ✓
Gen  526 | fit  10.170 | CAGR  287.3% | DD  28.2% | Calmar  10.17 | trades  396 | ✓
Gen  531 | fit  10.170 | CAGR  287.3% | DD  28.2% | Calmar  10.17 | trades  396 | ✓
Gen  536 | fit  10.170 | CAGR  287.3% | DD  28.2% | Calmar  10.17 | trades  396 | ✓
Gen  541 | fit  10.170 | CAGR  287.3% | DD  28.2% | Calmar  10.17 | trades  396 | ✓
Gen  546 | fit  10.170 | CAGR  287.3% | DD  28.2% | Calmar  10.17 | trades  396 | ✓
Gen  551 | fit  10.170 | CAGR  287.3% | DD  28.2% | Calmar  10.17 | trades  396 | ✓
Gen  556 | fit  10.170 | CAGR  287.3% | DD  28.2% | Calmar  10.17 | trades  396 | ✓
Gen  561 | fit  10.170 | CAGR  287.3% | DD  28.2% | Calmar  10.17 | trades  396 | ✓
Gen  566 | fit  10.170 | CAGR  287.3% | DD  28.2% | Calmar  10.17 | trades  396 | ✓
Gen  571 | fit  10.170 | CAGR  287.3% | DD  28.2% | Calmar  10.17 | trades  396 | ✓
Gen  576 | fit  10.170 | CAGR  287.3% | DD  28.2% | Calmar  10.17 | trades  396 | ✓
Gen  581 | fit  10.170 | CAGR  287.3% | DD  28.2% | Calmar  10.17 | trades  396 | ✓
Gen  586 | fit  10.170 | CAGR  287.3% | DD  28.2% | Calmar  10.17 | trades  396 | ✓
Gen  591 | fit  10.170 | CAGR  287.3% | DD  28.2% | Calmar  10.17 | trades  396 | ✓
Gen  596 | fit  10.170 | CAGR  287.3% | DD  28.2% | Calmar  10.17 | trades  396 | ✓
Gen  601 | fit  10.170 | CAGR  287.3% | DD  28.2% | Calmar  10.17 | trades  396 | ✓
Gen  606 | fit  10.170 | CAGR  287.3% | DD  28.2% | Calmar  10.17 | trades  396 | ✓
Gen  611 | fit  10.170 | CAGR  287.3% | DD  28.2% | Calmar  10.17 | trades  396 | ✓
Gen  616 | fit  10.170 | CAGR  287.3% | DD  28.2% | Calmar  10.17 | trades  396 | ✓
Gen  621 | fit  10.170 | CAGR  287.3% | DD  28.2% | Calmar  10.17 | trades  396 | ✓
Gen  626 | fit  10.170 | CAGR  287.3% | DD  28.2% | Calmar  10.17 | trades  396 | ✓
Gen  631 | fit  10.170 | CAGR  287.3% | DD  28.2% | Calmar  10.17 | trades  396 | ✓
Gen  636 | fit  10.170 | CAGR  287.3% | DD  28.2% | Calmar  10.17 | trades  396 | ✓
Gen  641 | fit  10.170 | CAGR  287.3% | DD  28.2% | Calmar  10.17 | trades  396 | ✓
Gen  646 | fit  10.170 | CAGR  287.3% | DD  28.2% | Calmar  10.17 | trades  396 | ✓
Gen  651 | fit  10.170 | CAGR  287.3% | DD  28.2% | Calmar  10.17 | trades  396 | ✓
Gen  656 | fit  10.170 | CAGR  287.3% | DD  28.2% | Calmar  10.17 | trades  396 | ✓
Gen  661 | fit  10.170 | CAGR  287.3% | DD  28.2% | Calmar  10.17 | trades  396 | ✓
Gen  666 | fit  10.170 | CAGR  287.3% | DD  28.2% | Calmar  10.17 | trades  396 | ✓
Gen  671 | fit  10.170 | CAGR  287.3% | DD  28.2% | Calmar  10.17 | trades  396 | ✓
Gen  676 | fit  10.170 | CAGR  287.3% | DD  28.2% | Calmar  10.17 | trades  396 | ✓
Gen  681 | fit  10.170 | CAGR  287.3% | DD  28.2% | Calmar  10.17 | trades  396 | ✓
Gen  686 | fit  10.170 | CAGR  287.3% | DD  28.2% | Calmar  10.17 | trades  396 | ✓
Gen  691 | fit  10.170 | CAGR  287.3% | DD  28.2% | Calmar  10.17 | trades  396 | ✓
Gen  696 | fit  10.170 | CAGR  287.3% | DD  28.2% | Calmar  10.17 | trades  396 | ✓
Gen  701 | fit  10.170 | CAGR  287.3% | DD  28.2% | Calmar  10.17 | trades  396 | ✓
Gen  706 | fit  10.170 | CAGR  287.3% | DD  28.2% | Calmar  10.17 | trades  396 | ✓
Gen  711 | fit  10.170 | CAGR  287.3% | DD  28.2% | Calmar  10.17 | trades  396 | ✓
Gen  716 | fit  10.170 | CAGR  287.3% | DD  28.2% | Calmar  10.17 | trades  396 | ✓
Gen  721 | fit  10.170 | CAGR  287.3% | DD  28.2% | Calmar  10.17 | trades  396 | ✓
Gen  726 | fit  10.170 | CAGR  287.3% | DD  28.2% | Calmar  10.17 | trades  396 | ✓
Gen  731 | fit  10.170 | CAGR  287.3% | DD  28.2% | Calmar  10.17 | trades  396 | ✓
Gen  736 | fit  10.170 | CAGR  287.3% | DD  28.2% | Calmar  10.17 | trades  396 | ✓
Gen  741 | fit  10.170 | CAGR  287.3% | DD  28.2% | Calmar  10.17 | trades  396 | ✓
Gen  746 | fit  10.170 | CAGR  287.3% | DD  28.2% | Calmar  10.17 | trades  396 | ✓
Gen  751 | fit  10.170 | CAGR  287.3% | DD  28.2% | Calmar  10.17 | trades  396 | ✓
Gen  756 | fit  10.170 | CAGR  287.3% | DD  28.2% | Calmar  10.17 | trades  396 | ✓
Gen  761 | fit  10.170 | CAGR  287.3% | DD  28.2% | Calmar  10.17 | trades  396 | ✓
Gen  766 | fit  10.170 | CAGR  287.3% | DD  28.2% | Calmar  10.17 | trades  396 | ✓
Gen  771 | fit  10.170 | CAGR  287.3% | DD  28.2% | Calmar  10.17 | trades  396 | ✓
Gen  776 | fit  10.170 | CAGR  287.3% | DD  28.2% | Calmar  10.17 | trades  396 | ✓
Gen  781 | fit  10.170 | CAGR  287.3% | DD  28.2% | Calmar  10.17 | trades  396 | ✓
Gen  786 | fit  10.170 | CAGR  287.3% | DD  28.2% | Calmar  10.17 | trades  396 | ✓
Gen  791 | fit  10.170 | CAGR  287.3% | DD  28.2% | Calmar  10.17 | trades  396 | ✓
Gen  796 | fit  10.170 | CAGR  287.3% | DD  28.2% | Calmar  10.17 | trades  396 | ✓
Gen  801 | fit  10.170 | CAGR  287.3% | DD  28.2% | Calmar  10.17 | trades  396 | ✓
Gen  806 | fit  10.170 | CAGR  287.3% | DD  28.2% | Calmar  10.17 | trades  396 | ✓
Gen  811 | fit  10.170 | CAGR  287.3% | DD  28.2% | Calmar  10.17 | trades  396 | ✓
Gen  816 | fit  10.170 | CAGR  287.3% | DD  28.2% | Calmar  10.17 | trades  396 | ✓
Gen  821 | fit  10.170 | CAGR  287.3% | DD  28.2% | Calmar  10.17 | trades  396 | ✓
Gen  826 | fit  10.170 | CAGR  287.3% | DD  28.2% | Calmar  10.17 | trades  396 | ✓
Gen  831 | fit  10.170 | CAGR  287.3% | DD  28.2% | Calmar  10.17 | trades  396 | ✓
Gen  836 | fit  10.170 | CAGR  287.3% | DD  28.2% | Calmar  10.17 | trades  396 | ✓
Gen  841 | fit  10.170 | CAGR  287.3% | DD  28.2% | Calmar  10.17 | trades  396 | ✓
Gen  846 | fit  10.171 | CAGR  287.3% | DD  28.2% | Calmar  10.17 | trades  396 | ✓
Gen  851 | fit  10.171 | CAGR  287.3% | DD  28.2% | Calmar  10.17 | trades  396 | ✓
Gen  856 | fit  10.171 | CAGR  287.3% | DD  28.2% | Calmar  10.17 | trades  396 | ✓
Gen  861 | fit  10.171 | CAGR  287.3% | DD  28.2% | Calmar  10.17 | trades  396 | ✓
Gen  866 | fit  10.171 | CAGR  287.3% | DD  28.2% | Calmar  10.17 | trades  396 | ✓
Gen  871 | fit  10.171 | CAGR  287.3% | DD  28.2% | Calmar  10.17 | trades  396 | ✓
Gen  876 | fit  10.171 | CAGR  287.3% | DD  28.2% | Calmar  10.17 | trades  396 | ✓
Gen  881 | fit  10.171 | CAGR  287.3% | DD  28.2% | Calmar  10.17 | trades  396 | ✓
Gen  886 | fit  10.171 | CAGR  287.3% | DD  28.2% | Calmar  10.17 | trades  396 | ✓
Gen  891 | fit  10.171 | CAGR  287.3% | DD  28.2% | Calmar  10.17 | trades  396 | ✓
Gen  896 | fit  10.171 | CAGR  287.3% | DD  28.2% | Calmar  10.17 | trades  396 | ✓
Gen  901 | fit  10.171 | CAGR  287.3% | DD  28.2% | Calmar  10.17 | trades  396 | ✓
Gen  906 | fit  10.171 | CAGR  287.3% | DD  28.2% | Calmar  10.17 | trades  396 | ✓
Gen  911 | fit  10.171 | CAGR  287.3% | DD  28.2% | Calmar  10.17 | trades  396 | ✓
Gen  916 | fit  10.171 | CAGR  287.3% | DD  28.2% | Calmar  10.17 | trades  396 | ✓
Gen  921 | fit  10.171 | CAGR  287.3% | DD  28.2% | Calmar  10.17 | trades  396 | ✓
Gen  926 | fit  10.171 | CAGR  287.3% | DD  28.2% | Calmar  10.17 | trades  396 | ✓
Gen  931 | fit  10.171 | CAGR  287.3% | DD  28.2% | Calmar  10.17 | trades  396 | ✓
Gen  936 | fit  10.171 | CAGR  287.3% | DD  28.2% | Calmar  10.17 | trades  396 | ✓
Gen  941 | fit  10.171 | CAGR  287.3% | DD  28.2% | Calmar  10.17 | trades  396 | ✓
Gen  946 | fit  10.171 | CAGR  287.3% | DD  28.2% | Calmar  10.17 | trades  396 | ✓
Gen  951 | fit  10.171 | CAGR  287.3% | DD  28.2% | Calmar  10.17 | trades  396 | ✓
Gen  956 | fit  10.171 | CAGR  287.3% | DD  28.2% | Calmar  10.17 | trades  396 | ✓
Gen  961 | fit  10.171 | CAGR  287.3% | DD  28.2% | Calmar  10.17 | trades  396 | ✓
Gen  966 | fit  10.171 | CAGR  287.3% | DD  28.2% | Calmar  10.17 | trades  396 | ✓
Gen  971 | fit  10.171 | CAGR  287.3% | DD  28.2% | Calmar  10.17 | trades  396 | ✓
Gen  976 | fit  10.171 | CAGR  287.3% | DD  28.2% | Calmar  10.17 | trades  396 | ✓
Gen  981 | fit  10.171 | CAGR  287.3% | DD  28.2% | Calmar  10.17 | trades  396 | ✓
Gen  986 | fit  10.171 | CAGR  287.3% | DD  28.2% | Calmar  10.17 | trades  396 | ✓
Gen  991 | fit  10.171 | CAGR  287.3% | DD  28.2% | Calmar  10.17 | trades  396 | ✓
Gen  996 | fit  10.171 | CAGR  287.3% | DD  28.2% | Calmar  10.17 | trades  396 | ✓
Gen 1001 | fit  10.171 | CAGR  287.3% | DD  28.2% | Calmar  10.17 | trades  396 | ✓
Gen 1006 | fit  10.171 | CAGR  287.3% | DD  28.2% | Calmar  10.17 | trades  396 | ✓
Gen 1011 | fit  10.171 | CAGR  287.3% | DD  28.2% | Calmar  10.17 | trades  396 | ✓
Gen 1016 | fit  10.171 | CAGR  287.3% | DD  28.2% | Calmar  10.17 | trades  396 | ✓
Gen 1021 | fit  10.171 | CAGR  287.3% | DD  28.2% | Calmar  10.17 | trades  396 | ✓
Gen 1026 | fit  10.171 | CAGR  287.3% | DD  28.2% | Calmar  10.17 | trades  396 | ✓
Gen 1031 | fit  10.171 | CAGR  287.3% | DD  28.2% | Calmar  10.17 | trades  396 | ✓
Gen 1036 | fit  10.171 | CAGR  287.3% | DD  28.2% | Calmar  10.17 | trades  396 | ✓
Gen 1041 | fit  10.171 | CAGR  287.3% | DD  28.2% | Calmar  10.17 | trades  396 | ✓
Gen 1046 | fit  10.171 | CAGR  287.3% | DD  28.2% | Calmar  10.17 | trades  396 | ✓
Gen 1051 | fit  10.171 | CAGR  287.3% | DD  28.2% | Calmar  10.17 | trades  396 | ✓
Gen 1056 | fit  10.171 | CAGR  287.3% | DD  28.2% | Calmar  10.17 | trades  396 | ✓
Gen 1061 | fit  10.171 | CAGR  287.3% | DD  28.2% | Calmar  10.17 | trades  396 | ✓
Gen 1066 | fit  10.171 | CAGR  287.3% | DD  28.2% | Calmar  10.17 | trades  396 | ✓
Gen 1071 | fit  10.171 | CAGR  287.3% | DD  28.2% | Calmar  10.17 | trades  396 | ✓
Gen 1076 | fit  10.171 | CAGR  287.3% | DD  28.2% | Calmar  10.17 | trades  396 | ✓
Gen 1081 | fit  10.171 | CAGR  287.3% | DD  28.2% | Calmar  10.17 | trades  396 | ✓
Gen 1086 | fit  10.171 | CAGR  287.3% | DD  28.2% | Calmar  10.17 | trades  396 | ✓
Gen 1091 | fit  10.171 | CAGR  287.3% | DD  28.2% | Calmar  10.17 | trades  396 | ✓
Gen 1096 | fit  10.171 | CAGR  287.3% | DD  28.2% | Calmar  10.17 | trades  396 | ✓
Gen 1101 | fit  10.171 | CAGR  287.3% | DD  28.2% | Calmar  10.17 | trades  396 | ✓
Gen 1106 | fit  10.171 | CAGR  287.3% | DD  28.2% | Calmar  10.17 | trades  396 | ✓
Gen 1111 | fit  10.171 | CAGR  287.3% | DD  28.2% | Calmar  10.17 | trades  396 | ✓
Gen 1116 | fit  10.173 | CAGR  294.3% | DD  28.9% | Calmar  10.17 | trades  388 | ✓
Gen 1121 | fit  10.321 | CAGR  298.1% | DD  28.9% | Calmar  10.32 | trades  380 | ✓
Gen 1126 | fit  10.406 | CAGR  300.5% | DD  28.9% | Calmar  10.41 | trades  380 | ✓
Gen 1131 | fit  10.412 | CAGR  300.7% | DD  28.9% | Calmar  10.41 | trades  380 | ✓
Gen 1136 | fit  10.420 | CAGR  299.8% | DD  28.8% | Calmar  10.42 | trades  380 | ✓
Gen 1141 | fit  10.427 | CAGR  300.0% | DD  28.8% | Calmar  10.43 | trades  380 | ✓
Gen 1146 | fit  10.428 | CAGR  300.0% | DD  28.8% | Calmar  10.43 | trades  380 | ✓
Gen 1151 | fit  10.428 | CAGR  300.0% | DD  28.8% | Calmar  10.43 | trades  380 | ✓
Gen 1156 | fit  10.428 | CAGR  300.1% | DD  28.8% | Calmar  10.43 | trades  380 | ✓
Gen 1161 | fit  10.429 | CAGR  300.1% | DD  28.8% | Calmar  10.43 | trades  380 | ✓
Gen 1166 | fit  10.429 | CAGR  300.1% | DD  28.8% | Calmar  10.43 | trades  380 | ✓
Gen 1171 | fit  10.429 | CAGR  300.1% | DD  28.8% | Calmar  10.43 | trades  380 | ✓
Gen 1176 | fit  10.429 | CAGR  300.1% | DD  28.8% | Calmar  10.43 | trades  380 | ✓
Gen 1181 | fit  10.429 | CAGR  300.1% | DD  28.8% | Calmar  10.43 | trades  380 | ✓
Gen 1186 | fit  10.429 | CAGR  300.1% | DD  28.8% | Calmar  10.43 | trades  380 | ✓
Gen 1191 | fit  10.429 | CAGR  300.1% | DD  28.8% | Calmar  10.43 | trades  380 | ✓
Gen 1196 | fit  10.429 | CAGR  300.1% | DD  28.8% | Calmar  10.43 | trades  380 | ✓
Gen 1201 | fit  10.429 | CAGR  300.1% | DD  28.8% | Calmar  10.43 | trades  380 | ✓
Gen 1206 | fit  10.429 | CAGR  300.1% | DD  28.8% | Calmar  10.43 | trades  380 | ✓
Gen 1211 | fit  10.429 | CAGR  300.1% | DD  28.8% | Calmar  10.43 | trades  380 | ✓
Gen 1216 | fit  10.429 | CAGR  300.1% | DD  28.8% | Calmar  10.43 | trades  380 | ✓
Gen 1221 | fit  10.429 | CAGR  300.1% | DD  28.8% | Calmar  10.43 | trades  380 | ✓
Gen 1226 | fit  10.429 | CAGR  300.1% | DD  28.8% | Calmar  10.43 | trades  380 | ✓
Gen 1231 | fit  10.429 | CAGR  300.1% | DD  28.8% | Calmar  10.43 | trades  380 | ✓
Gen 1236 | fit  10.429 | CAGR  300.1% | DD  28.8% | Calmar  10.43 | trades  380 | ✓
Gen 1241 | fit  10.429 | CAGR  300.1% | DD  28.8% | Calmar  10.43 | trades  380 | ✓
Gen 1246 | fit  10.429 | CAGR  300.1% | DD  28.8% | Calmar  10.43 | trades  380 | ✓
Gen 1251 | fit  10.429 | CAGR  300.1% | DD  28.8% | Calmar  10.43 | trades  380 | ✓
Gen 1256 | fit  10.429 | CAGR  300.1% | DD  28.8% | Calmar  10.43 | trades  380 | ✓
Gen 1261 | fit  10.429 | CAGR  300.1% | DD  28.8% | Calmar  10.43 | trades  380 | ✓
Gen 1266 | fit  10.429 | CAGR  300.1% | DD  28.8% | Calmar  10.43 | trades  380 | ✓
Gen 1271 | fit  10.429 | CAGR  300.1% | DD  28.8% | Calmar  10.43 | trades  380 | ✓
Gen 1276 | fit  10.429 | CAGR  300.1% | DD  28.8% | Calmar  10.43 | trades  380 | ✓
Gen 1281 | fit  10.429 | CAGR  300.1% | DD  28.8% | Calmar  10.43 | trades  380 | ✓
Gen 1286 | fit  10.429 | CAGR  300.1% | DD  28.8% | Calmar  10.43 | trades  380 | ✓
Gen 1291 | fit  10.429 | CAGR  300.1% | DD  28.8% | Calmar  10.43 | trades  380 | ✓
Gen 1296 | fit  10.429 | CAGR  300.1% | DD  28.8% | Calmar  10.43 | trades  380 | ✓
Gen 1301 | fit  10.429 | CAGR  300.1% | DD  28.8% | Calmar  10.43 | trades  380 | ✓
Gen 1306 | fit  10.429 | CAGR  300.1% | DD  28.8% | Calmar  10.43 | trades  380 | ✓
Gen 1311 | fit  10.429 | CAGR  300.1% | DD  28.8% | Calmar  10.43 | trades  380 | ✓
Gen 1316 | fit  10.429 | CAGR  300.1% | DD  28.8% | Calmar  10.43 | trades  380 | ✓
Gen 1321 | fit  10.429 | CAGR  300.1% | DD  28.8% | Calmar  10.43 | trades  380 | ✓
Gen 1326 | fit  10.429 | CAGR  300.1% | DD  28.8% | Calmar  10.43 | trades  380 | ✓
Gen 1331 | fit  10.429 | CAGR  300.1% | DD  28.8% | Calmar  10.43 | trades  380 | ✓
Gen 1336 | fit  10.429 | CAGR  300.1% | DD  28.8% | Calmar  10.43 | trades  380 | ✓
Gen 1341 | fit  10.429 | CAGR  300.1% | DD  28.8% | Calmar  10.43 | trades  380 | ✓
Gen 1346 | fit  10.429 | CAGR  300.1% | DD  28.8% | Calmar  10.43 | trades  380 | ✓
Gen 1351 | fit  10.429 | CAGR  300.1% | DD  28.8% | Calmar  10.43 | trades  380 | ✓
Gen 1356 | fit  10.429 | CAGR  300.1% | DD  28.8% | Calmar  10.43 | trades  380 | ✓
Gen 1361 | fit  10.429 | CAGR  300.1% | DD  28.8% | Calmar  10.43 | trades  380 | ✓
Gen 1366 | fit  10.429 | CAGR  300.1% | DD  28.8% | Calmar  10.43 | trades  380 | ✓
Gen 1371 | fit  10.429 | CAGR  300.1% | DD  28.8% | Calmar  10.43 | trades  380 | ✓
Gen 1376 | fit  10.429 | CAGR  300.1% | DD  28.8% | Calmar  10.43 | trades  380 | ✓
Gen 1381 | fit  10.429 | CAGR  300.1% | DD  28.8% | Calmar  10.43 | trades  380 | ✓
Gen 1386 | fit  10.429 | CAGR  300.1% | DD  28.8% | Calmar  10.43 | trades  380 | ✓
Gen 1391 | fit  10.429 | CAGR  300.1% | DD  28.8% | Calmar  10.43 | trades  380 | ✓
Gen 1396 | fit  10.429 | CAGR  300.1% | DD  28.8% | Calmar  10.43 | trades  380 | ✓
Gen 1401 | fit  10.429 | CAGR  300.1% | DD  28.8% | Calmar  10.43 | trades  380 | ✓
Gen 1406 | fit  10.429 | CAGR  300.1% | DD  28.8% | Calmar  10.43 | trades  380 | ✓
Gen 1411 | fit  10.429 | CAGR  300.1% | DD  28.8% | Calmar  10.43 | trades  380 | ✓
Gen 1416 | fit  10.429 | CAGR  300.1% | DD  28.8% | Calmar  10.43 | trades  380 | ✓
Gen 1421 | fit  10.429 | CAGR  300.1% | DD  28.8% | Calmar  10.43 | trades  380 | ✓
Gen 1426 | fit  10.429 | CAGR  300.1% | DD  28.8% | Calmar  10.43 | trades  380 | ✓
Gen 1431 | fit  10.429 | CAGR  300.1% | DD  28.8% | Calmar  10.43 | trades  380 | ✓
Gen 1436 | fit  10.429 | CAGR  300.1% | DD  28.8% | Calmar  10.43 | trades  380 | ✓
Gen 1441 | fit  10.429 | CAGR  300.1% | DD  28.8% | Calmar  10.43 | trades  380 | ✓
Gen 1446 | fit  10.429 | CAGR  300.1% | DD  28.8% | Calmar  10.43 | trades  380 | ✓
Gen 1451 | fit  10.429 | CAGR  300.1% | DD  28.8% | Calmar  10.43 | trades  380 | ✓
Gen 1456 | fit  10.429 | CAGR  300.1% | DD  28.8% | Calmar  10.43 | trades  380 | ✓
Gen 1461 | fit  10.429 | CAGR  300.1% | DD  28.8% | Calmar  10.43 | trades  380 | ✓
Gen 1466 | fit  10.429 | CAGR  300.1% | DD  28.8% | Calmar  10.43 | trades  380 | ✓
Gen 1471 | fit  10.429 | CAGR  300.1% | DD  28.8% | Calmar  10.43 | trades  380 | ✓
Gen 1476 | fit  10.429 | CAGR  300.1% | DD  28.8% | Calmar  10.43 | trades  380 | ✓
Gen 1481 | fit  10.429 | CAGR  300.1% | DD  28.8% | Calmar  10.43 | trades  380 | ✓
Gen 1486 | fit  10.429 | CAGR  300.1% | DD  28.8% | Calmar  10.43 | trades  380 | ✓
Gen 1491 | fit  10.429 | CAGR  300.1% | DD  28.8% | Calmar  10.43 | trades  380 | ✓
Gen 1496 | fit  10.429 | CAGR  300.1% | DD  28.8% | Calmar  10.43 | trades  380 | ✓
Gen 1501 | fit  10.429 | CAGR  300.1% | DD  28.8% | Calmar  10.43 | trades  380 | ✓
Gen 1506 | fit  10.429 | CAGR  300.1% | DD  28.8% | Calmar  10.43 | trades  380 | ✓
Gen 1511 | fit  10.429 | CAGR  300.1% | DD  28.8% | Calmar  10.43 | trades  380 | ✓
Gen 1516 | fit  10.429 | CAGR  300.1% | DD  28.8% | Calmar  10.43 | trades  380 | ✓
Gen 1521 | fit  10.429 | CAGR  300.1% | DD  28.8% | Calmar  10.43 | trades  380 | ✓
Gen 1526 | fit  10.429 | CAGR  300.1% | DD  28.8% | Calmar  10.43 | trades  380 | ✓
Gen 1531 | fit  10.429 | CAGR  300.1% | DD  28.8% | Calmar  10.43 | trades  380 | ✓
Gen 1536 | fit  10.429 | CAGR  300.1% | DD  28.8% | Calmar  10.43 | trades  380 | ✓
Gen 1541 | fit  10.429 | CAGR  300.1% | DD  28.8% | Calmar  10.43 | trades  380 | ✓
Gen 1546 | fit  10.429 | CAGR  300.1% | DD  28.8% | Calmar  10.43 | trades  380 | ✓
Gen 1551 | fit  10.429 | CAGR  300.1% | DD  28.8% | Calmar  10.43 | trades  380 | ✓
Gen 1556 | fit  10.429 | CAGR  300.1% | DD  28.8% | Calmar  10.43 | trades  380 | ✓
Gen 1561 | fit  10.429 | CAGR  300.1% | DD  28.8% | Calmar  10.43 | trades  380 | ✓
Gen 1566 | fit  10.429 | CAGR  300.1% | DD  28.8% | Calmar  10.43 | trades  380 | ✓
Gen 1571 | fit  10.429 | CAGR  300.1% | DD  28.8% | Calmar  10.43 | trades  380 | ✓
Gen 1576 | fit  10.429 | CAGR  300.1% | DD  28.8% | Calmar  10.43 | trades  380 | ✓
Gen 1581 | fit  10.429 | CAGR  300.1% | DD  28.8% | Calmar  10.43 | trades  380 | ✓
Gen 1586 | fit  10.429 | CAGR  300.1% | DD  28.8% | Calmar  10.43 | trades  380 | ✓
Gen 1591 | fit  10.429 | CAGR  300.1% | DD  28.8% | Calmar  10.43 | trades  380 | ✓
Gen 1596 | fit  10.429 | CAGR  300.1% | DD  28.8% | Calmar  10.43 | trades  380 | ✓
Gen 1601 | fit  10.429 | CAGR  300.1% | DD  28.8% | Calmar  10.43 | trades  380 | ✓
Gen 1606 | fit  10.429 | CAGR  300.1% | DD  28.8% | Calmar  10.43 | trades  380 | ✓
Gen 1611 | fit  10.429 | CAGR  300.1% | DD  28.8% | Calmar  10.43 | trades  380 | ✓
Gen 1616 | fit  10.429 | CAGR  300.1% | DD  28.8% | Calmar  10.43 | trades  380 | ✓
Gen 1621 | fit  10.429 | CAGR  300.1% | DD  28.8% | Calmar  10.43 | trades  380 | ✓
Gen 1626 | fit  10.429 | CAGR  300.1% | DD  28.8% | Calmar  10.43 | trades  380 | ✓
Gen 1631 | fit  10.429 | CAGR  300.1% | DD  28.8% | Calmar  10.43 | trades  380 | ✓
Gen 1636 | fit  10.429 | CAGR  300.1% | DD  28.8% | Calmar  10.43 | trades  380 | ✓
Gen 1641 | fit  10.429 | CAGR  300.1% | DD  28.8% | Calmar  10.43 | trades  380 | ✓
Gen 1646 | fit  10.429 | CAGR  300.1% | DD  28.8% | Calmar  10.43 | trades  380 | ✓
Gen 1651 | fit  10.429 | CAGR  300.1% | DD  28.8% | Calmar  10.43 | trades  380 | ✓
Gen 1656 | fit  10.429 | CAGR  300.1% | DD  28.8% | Calmar  10.43 | trades  380 | ✓
Gen 1661 | fit  10.429 | CAGR  300.1% | DD  28.8% | Calmar  10.43 | trades  380 | ✓
Gen 1666 | fit  10.429 | CAGR  300.1% | DD  28.8% | Calmar  10.43 | trades  380 | ✓
Gen 1671 | fit  10.429 | CAGR  300.1% | DD  28.8% | Calmar  10.43 | trades  380 | ✓
Gen 1676 | fit  10.429 | CAGR  300.1% | DD  28.8% | Calmar  10.43 | trades  380 | ✓
Gen 1681 | fit  10.429 | CAGR  300.1% | DD  28.8% | Calmar  10.43 | trades  380 | ✓
Gen 1686 | fit  10.429 | CAGR  300.1% | DD  28.8% | Calmar  10.43 | trades  380 | ✓
Gen 1691 | fit  10.429 | CAGR  300.1% | DD  28.8% | Calmar  10.43 | trades  380 | ✓
Gen 1696 | fit  10.429 | CAGR  300.1% | DD  28.8% | Calmar  10.43 | trades  380 | ✓
Gen 1701 | fit  10.429 | CAGR  300.1% | DD  28.8% | Calmar  10.43 | trades  380 | ✓
Gen 1706 | fit  10.429 | CAGR  300.1% | DD  28.8% | Calmar  10.43 | trades  380 | ✓
Gen 1711 | fit  10.429 | CAGR  300.1% | DD  28.8% | Calmar  10.43 | trades  380 | ✓
Gen 1716 | fit  10.429 | CAGR  300.1% | DD  28.8% | Calmar  10.43 | trades  380 | ✓
Gen 1721 | fit  10.429 | CAGR  300.1% | DD  28.8% | Calmar  10.43 | trades  380 | ✓
Gen 1726 | fit  10.429 | CAGR  300.1% | DD  28.8% | Calmar  10.43 | trades  380 | ✓
Gen 1731 | fit  10.429 | CAGR  300.1% | DD  28.8% | Calmar  10.43 | trades  380 | ✓
Gen 1736 | fit  10.429 | CAGR  300.1% | DD  28.8% | Calmar  10.43 | trades  380 | ✓
Gen 1741 | fit  10.429 | CAGR  300.1% | DD  28.8% | Calmar  10.43 | trades  380 | ✓
Gen 1746 | fit  10.429 | CAGR  300.1% | DD  28.8% | Calmar  10.43 | trades  380 | ✓
Gen 1751 | fit  10.429 | CAGR  300.1% | DD  28.8% | Calmar  10.43 | trades  380 | ✓
Gen 1756 | fit  10.429 | CAGR  300.1% | DD  28.8% | Calmar  10.43 | trades  380 | ✓
Gen 1761 | fit  10.429 | CAGR  300.1% | DD  28.8% | Calmar  10.43 | trades  380 | ✓
Gen 1766 | fit  10.429 | CAGR  300.1% | DD  28.8% | Calmar  10.43 | trades  380 | ✓
Gen 1771 | fit  10.429 | CAGR  300.1% | DD  28.8% | Calmar  10.43 | trades  380 | ✓
Gen 1776 | fit  10.429 | CAGR  300.1% | DD  28.8% | Calmar  10.43 | trades  380 | ✓
Gen 1781 | fit  10.429 | CAGR  300.1% | DD  28.8% | Calmar  10.43 | trades  380 | ✓
Gen 1786 | fit  10.429 | CAGR  300.1% | DD  28.8% | Calmar  10.43 | trades  380 | ✓
Gen 1791 | fit  10.429 | CAGR  300.1% | DD  28.8% | Calmar  10.43 | trades  380 | ✓
Gen 1796 | fit  10.429 | CAGR  300.1% | DD  28.8% | Calmar  10.43 | trades  380 | ✓
Gen 1801 | fit  10.429 | CAGR  300.1% | DD  28.8% | Calmar  10.43 | trades  380 | ✓
Gen 1806 | fit  10.429 | CAGR  300.1% | DD  28.8% | Calmar  10.43 | trades  380 | ✓
Gen 1811 | fit  10.429 | CAGR  300.1% | DD  28.8% | Calmar  10.43 | trades  380 | ✓
Gen 1816 | fit  10.429 | CAGR  300.1% | DD  28.8% | Calmar  10.43 | trades  380 | ✓
Gen 1821 | fit  10.429 | CAGR  300.1% | DD  28.8% | Calmar  10.43 | trades  380 | ✓
Gen 1826 | fit  10.429 | CAGR  300.1% | DD  28.8% | Calmar  10.43 | trades  380 | ✓
Gen 1831 | fit  10.429 | CAGR  300.1% | DD  28.8% | Calmar  10.43 | trades  380 | ✓
Gen 1836 | fit  10.429 | CAGR  300.1% | DD  28.8% | Calmar  10.43 | trades  380 | ✓
Gen 1841 | fit  10.429 | CAGR  300.1% | DD  28.8% | Calmar  10.43 | trades  380 | ✓
Gen 1846 | fit  10.429 | CAGR  300.1% | DD  28.8% | Calmar  10.43 | trades  380 | ✓
Gen 1851 | fit  10.429 | CAGR  300.1% | DD  28.8% | Calmar  10.43 | trades  380 | ✓
Gen 1856 | fit  10.429 | CAGR  300.1% | DD  28.8% | Calmar  10.43 | trades  380 | ✓
Gen 1861 | fit  10.429 | CAGR  300.1% | DD  28.8% | Calmar  10.43 | trades  380 | ✓
Gen 1866 | fit  10.429 | CAGR  300.1% | DD  28.8% | Calmar  10.43 | trades  380 | ✓
Gen 1871 | fit  10.429 | CAGR  300.1% | DD  28.8% | Calmar  10.43 | trades  380 | ✓
Gen 1876 | fit  10.429 | CAGR  300.1% | DD  28.8% | Calmar  10.43 | trades  380 | ✓
Gen 1881 | fit  10.429 | CAGR  300.1% | DD  28.8% | Calmar  10.43 | trades  380 | ✓
Gen 1886 | fit  10.429 | CAGR  300.1% | DD  28.8% | Calmar  10.43 | trades  380 | ✓
Gen 1891 | fit  10.429 | CAGR  300.1% | DD  28.8% | Calmar  10.43 | trades  380 | ✓
Gen 1896 | fit  10.429 | CAGR  300.1% | DD  28.8% | Calmar  10.43 | trades  380 | ✓
Gen 1901 | fit  10.429 | CAGR  300.1% | DD  28.8% | Calmar  10.43 | trades  380 | ✓
Gen 1906 | fit  10.429 | CAGR  300.1% | DD  28.8% | Calmar  10.43 | trades  380 | ✓
Gen 1911 | fit  10.429 | CAGR  300.1% | DD  28.8% | Calmar  10.43 | trades  380 | ✓
Gen 1916 | fit  10.429 | CAGR  300.1% | DD  28.8% | Calmar  10.43 | trades  380 | ✓
Gen 1921 | fit  10.429 | CAGR  300.1% | DD  28.8% | Calmar  10.43 | trades  380 | ✓
Gen 1926 | fit  10.429 | CAGR  300.1% | DD  28.8% | Calmar  10.43 | trades  380 | ✓
Gen 1931 | fit  10.429 | CAGR  300.1% | DD  28.8% | Calmar  10.43 | trades  380 | ✓
Gen 1936 | fit  10.429 | CAGR  300.1% | DD  28.8% | Calmar  10.43 | trades  380 | ✓
Gen 1941 | fit  10.429 | CAGR  300.1% | DD  28.8% | Calmar  10.43 | trades  380 | ✓
Gen 1946 | fit  10.429 | CAGR  300.1% | DD  28.8% | Calmar  10.43 | trades  380 | ✓
Gen 1951 | fit  10.429 | CAGR  300.1% | DD  28.8% | Calmar  10.43 | trades  380 | ✓
Gen 1956 | fit  10.429 | CAGR  300.1% | DD  28.8% | Calmar  10.43 | trades  380 | ✓
Gen 1961 | fit  10.429 | CAGR  300.1% | DD  28.8% | Calmar  10.43 | trades  380 | ✓
Gen 1966 | fit  10.429 | CAGR  300.1% | DD  28.8% | Calmar  10.43 | trades  380 | ✓
Gen 1971 | fit  10.429 | CAGR  300.1% | DD  28.8% | Calmar  10.43 | trades  380 | ✓
Gen 1976 | fit  10.429 | CAGR  300.1% | DD  28.8% | Calmar  10.43 | trades  380 | ✓
Gen 1981 | fit  10.429 | CAGR  300.1% | DD  28.8% | Calmar  10.43 | trades  380 | ✓
Gen 1986 | fit  10.429 | CAGR  300.1% | DD  28.8% | Calmar  10.43 | trades  380 | ✓
Gen 1991 | fit  10.429 | CAGR  300.1% | DD  28.8% | Calmar  10.43 | trades  380 | ✓
Gen 1996 | fit  10.429 | CAGR  300.1% | DD  28.8% | Calmar  10.43 | trades  380 | ✓
Gen 2001 | fit  10.429 | CAGR  300.1% | DD  28.8% | Calmar  10.43 | trades  380 | ✓
Gen 2006 | fit  10.429 | CAGR  300.1% | DD  28.8% | Calmar  10.43 | trades  380 | ✓
Gen 2011 | fit  10.429 | CAGR  300.1% | DD  28.8% | Calmar  10.43 | trades  380 | ✓
Gen 2016 | fit  10.429 | CAGR  300.1% | DD  28.8% | Calmar  10.43 | trades  380 | ✓
Gen 2021 | fit  10.429 | CAGR  300.1% | DD  28.8% | Calmar  10.43 | trades  380 | ✓
Gen 2026 | fit  10.429 | CAGR  300.1% | DD  28.8% | Calmar  10.43 | trades  380 | ✓
Gen 2031 | fit  10.429 | CAGR  300.1% | DD  28.8% | Calmar  10.43 | trades  380 | ✓
Gen 2036 | fit  10.429 | CAGR  300.1% | DD  28.8% | Calmar  10.43 | trades  380 | ✓
Gen 2041 | fit  10.429 | CAGR  300.1% | DD  28.8% | Calmar  10.43 | trades  380 | ✓
Gen 2046 | fit  10.429 | CAGR  300.1% | DD  28.8% | Calmar  10.43 | trades  380 | ✓
Gen 2051 | fit  10.429 | CAGR  300.1% | DD  28.8% | Calmar  10.43 | trades  380 | ✓
Gen 2056 | fit  10.429 | CAGR  300.1% | DD  28.8% | Calmar  10.43 | trades  380 | ✓
Gen 2061 | fit  10.429 | CAGR  300.1% | DD  28.8% | Calmar  10.43 | trades  380 | ✓
Gen 2066 | fit  10.429 | CAGR  300.1% | DD  28.8% | Calmar  10.43 | trades  380 | ✓
Gen 2071 | fit  10.429 | CAGR  300.1% | DD  28.8% | Calmar  10.43 | trades  380 | ✓
Gen 2076 | fit  10.429 | CAGR  300.1% | DD  28.8% | Calmar  10.43 | trades  380 | ✓
Gen 2081 | fit  10.429 | CAGR  300.1% | DD  28.8% | Calmar  10.43 | trades  380 | ✓
Gen 2086 | fit  10.429 | CAGR  300.1% | DD  28.8% | Calmar  10.43 | trades  380 | ✓
Gen 2091 | fit  10.429 | CAGR  300.1% | DD  28.8% | Calmar  10.43 | trades  380 | ✓
Gen 2096 | fit  10.429 | CAGR  300.1% | DD  28.8% | Calmar  10.43 | trades  380 | ✓
Gen 2101 | fit  10.429 | CAGR  300.1% | DD  28.8% | Calmar  10.43 | trades  380 | ✓
Gen 2106 | fit  10.429 | CAGR  300.1% | DD  28.8% | Calmar  10.43 | trades  380 | ✓
Gen 2111 | fit  10.429 | CAGR  300.1% | DD  28.8% | Calmar  10.43 | trades  380 | ✓
Gen 2116 | fit  10.429 | CAGR  300.1% | DD  28.8% | Calmar  10.43 | trades  380 | ✓
Gen 2121 | fit  10.429 | CAGR  300.1% | DD  28.8% | Calmar  10.43 | trades  380 | ✓
Gen 2126 | fit  10.429 | CAGR  300.1% | DD  28.8% | Calmar  10.43 | trades  380 | ✓
Gen 2131 | fit  10.429 | CAGR  300.1% | DD  28.8% | Calmar  10.43 | trades  380 | ✓
Gen 2136 | fit  10.460 | CAGR  298.2% | DD  28.5% | Calmar  10.46 | trades  376 | ✓
Gen 2141 | fit  10.466 | CAGR  298.3% | DD  28.5% | Calmar  10.47 | trades  376 | ✓
Gen 2146 | fit  10.475 | CAGR  298.6% | DD  28.5% | Calmar  10.48 | trades  376 | ✓
Gen 2151 | fit  10.487 | CAGR  297.5% | DD  28.4% | Calmar  10.49 | trades  376 | ✓
Gen 2156 | fit  10.492 | CAGR  297.6% | DD  28.4% | Calmar  10.49 | trades  376 | ✓
Gen 2161 | fit  10.492 | CAGR  297.6% | DD  28.4% | Calmar  10.49 | trades  376 | ✓
Gen 2166 | fit  10.492 | CAGR  297.6% | DD  28.4% | Calmar  10.49 | trades  376 | ✓
Gen 2171 | fit  10.492 | CAGR  297.6% | DD  28.4% | Calmar  10.49 | trades  376 | ✓
Gen 2176 | fit  10.492 | CAGR  297.6% | DD  28.4% | Calmar  10.49 | trades  376 | ✓
Gen 2181 | fit  10.492 | CAGR  297.6% | DD  28.4% | Calmar  10.49 | trades  376 | ✓
Gen 2186 | fit  10.493 | CAGR  297.6% | DD  28.4% | Calmar  10.49 | trades  376 | ✓
Gen 2191 | fit  10.493 | CAGR  297.7% | DD  28.4% | Calmar  10.49 | trades  376 | ✓
Gen 2196 | fit  10.493 | CAGR  297.7% | DD  28.4% | Calmar  10.49 | trades  376 | ✓
Gen 2201 | fit  10.493 | CAGR  297.7% | DD  28.4% | Calmar  10.49 | trades  376 | ✓
Gen 2206 | fit  10.493 | CAGR  297.7% | DD  28.4% | Calmar  10.49 | trades  376 | ✓
Gen 2211 | fit  10.498 | CAGR  297.7% | DD  28.4% | Calmar  10.50 | trades  376 | ✓
Gen 2216 | fit  10.498 | CAGR  297.7% | DD  28.4% | Calmar  10.50 | trades  376 | ✓
Gen 2221 | fit  10.498 | CAGR  297.7% | DD  28.4% | Calmar  10.50 | trades  376 | ✓
Gen 2226 | fit  10.498 | CAGR  297.7% | DD  28.4% | Calmar  10.50 | trades  376 | ✓
Gen 2231 | fit  10.500 | CAGR  297.8% | DD  28.4% | Calmar  10.50 | trades  376 | ✓
Gen 2236 | fit  10.500 | CAGR  297.8% | DD  28.4% | Calmar  10.50 | trades  376 | ✓
Gen 2241 | fit  10.502 | CAGR  297.8% | DD  28.4% | Calmar  10.50 | trades  376 | ✓
Gen 2246 | fit  10.502 | CAGR  297.8% | DD  28.4% | Calmar  10.50 | trades  376 | ✓
Gen 2251 | fit  10.502 | CAGR  297.8% | DD  28.4% | Calmar  10.50 | trades  376 | ✓
Gen 2256 | fit  10.502 | CAGR  297.8% | DD  28.4% | Calmar  10.50 | trades  376 | ✓
Gen 2261 | fit  10.502 | CAGR  297.8% | DD  28.4% | Calmar  10.50 | trades  376 | ✓
Gen 2266 | fit  10.502 | CAGR  297.8% | DD  28.4% | Calmar  10.50 | trades  376 | ✓
Gen 2271 | fit  10.502 | CAGR  297.8% | DD  28.4% | Calmar  10.50 | trades  376 | ✓
Gen 2276 | fit  10.502 | CAGR  297.8% | DD  28.4% | Calmar  10.50 | trades  376 | ✓
Gen 2281 | fit  10.502 | CAGR  297.8% | DD  28.4% | Calmar  10.50 | trades  376 | ✓
Gen 2286 | fit  10.503 | CAGR  297.8% | DD  28.4% | Calmar  10.50 | trades  376 | ✓
Gen 2291 | fit  10.503 | CAGR  297.8% | DD  28.4% | Calmar  10.50 | trades  376 | ✓
Gen 2296 | fit  10.503 | CAGR  297.8% | DD  28.4% | Calmar  10.50 | trades  376 | ✓
Gen 2301 | fit  10.503 | CAGR  297.8% | DD  28.4% | Calmar  10.50 | trades  376 | ✓
Gen 2306 | fit  10.503 | CAGR  297.8% | DD  28.4% | Calmar  10.50 | trades  376 | ✓
Gen 2311 | fit  10.503 | CAGR  297.8% | DD  28.4% | Calmar  10.50 | trades  376 | ✓
Gen 2316 | fit  10.503 | CAGR  297.8% | DD  28.4% | Calmar  10.50 | trades  376 | ✓
Gen 2321 | fit  10.503 | CAGR  297.8% | DD  28.4% | Calmar  10.50 | trades  376 | ✓
Gen 2326 | fit  10.503 | CAGR  297.8% | DD  28.4% | Calmar  10.50 | trades  376 | ✓
Gen 2331 | fit  10.503 | CAGR  297.9% | DD  28.4% | Calmar  10.50 | trades  376 | ✓
Gen 2336 | fit  10.503 | CAGR  297.9% | DD  28.4% | Calmar  10.50 | trades  376 | ✓
Gen 2341 | fit  10.503 | CAGR  297.9% | DD  28.4% | Calmar  10.50 | trades  376 | ✓
Gen 2346 | fit  10.503 | CAGR  297.9% | DD  28.4% | Calmar  10.50 | trades  376 | ✓
Gen 2351 | fit  10.503 | CAGR  297.9% | DD  28.4% | Calmar  10.50 | trades  376 | ✓
Gen 2356 | fit  10.503 | CAGR  297.9% | DD  28.4% | Calmar  10.50 | trades  376 | ✓
Gen 2361 | fit  10.503 | CAGR  297.9% | DD  28.4% | Calmar  10.50 | trades  376 | ✓
Gen 2366 | fit  10.503 | CAGR  297.9% | DD  28.4% | Calmar  10.50 | trades  376 | ✓
Gen 2371 | fit  10.503 | CAGR  297.9% | DD  28.4% | Calmar  10.50 | trades  376 | ✓
Gen 2376 | fit  10.503 | CAGR  297.9% | DD  28.4% | Calmar  10.50 | trades  376 | ✓
Gen 2381 | fit  10.503 | CAGR  297.9% | DD  28.4% | Calmar  10.50 | trades  376 | ✓
Gen 2386 | fit  10.503 | CAGR  297.9% | DD  28.4% | Calmar  10.50 | trades  376 | ✓
Gen 2391 | fit  10.503 | CAGR  297.9% | DD  28.4% | Calmar  10.50 | trades  376 | ✓
Gen 2396 | fit  10.503 | CAGR  297.9% | DD  28.4% | Calmar  10.50 | trades  376 | ✓
Gen 2401 | fit  10.503 | CAGR  297.9% | DD  28.4% | Calmar  10.50 | trades  376 | ✓
Gen 2406 | fit  10.503 | CAGR  297.9% | DD  28.4% | Calmar  10.50 | trades  376 | ✓
Gen 2411 | fit  10.503 | CAGR  297.9% | DD  28.4% | Calmar  10.50 | trades  376 | ✓
Gen 2416 | fit  10.503 | CAGR  297.9% | DD  28.4% | Calmar  10.50 | trades  376 | ✓
Gen 2421 | fit  10.503 | CAGR  297.9% | DD  28.4% | Calmar  10.50 | trades  376 | ✓
Gen 2426 | fit  10.503 | CAGR  297.9% | DD  28.4% | Calmar  10.50 | trades  376 | ✓
Gen 2431 | fit  10.503 | CAGR  297.9% | DD  28.4% | Calmar  10.50 | trades  376 | ✓
Gen 2436 | fit  10.503 | CAGR  297.9% | DD  28.4% | Calmar  10.50 | trades  376 | ✓
Gen 2441 | fit  10.503 | CAGR  297.9% | DD  28.4% | Calmar  10.50 | trades  376 | ✓
Gen 2446 | fit  10.503 | CAGR  297.9% | DD  28.4% | Calmar  10.50 | trades  376 | ✓
Gen 2451 | fit  10.503 | CAGR  297.9% | DD  28.4% | Calmar  10.50 | trades  376 | ✓
Gen 2456 | fit  10.503 | CAGR  297.9% | DD  28.4% | Calmar  10.50 | trades  376 | ✓
Gen 2461 | fit  10.503 | CAGR  297.9% | DD  28.4% | Calmar  10.50 | trades  376 | ✓
Gen 2466 | fit  10.503 | CAGR  297.9% | DD  28.4% | Calmar  10.50 | trades  376 | ✓
Gen 2471 | fit  10.503 | CAGR  297.9% | DD  28.4% | Calmar  10.50 | trades  376 | ✓
Gen 2476 | fit  10.503 | CAGR  297.9% | DD  28.4% | Calmar  10.50 | trades  376 | ✓
Gen 2481 | fit  10.503 | CAGR  297.9% | DD  28.4% | Calmar  10.50 | trades  376 | ✓
Gen 2486 | fit  10.503 | CAGR  297.9% | DD  28.4% | Calmar  10.50 | trades  376 | ✓
Gen 2491 | fit  10.503 | CAGR  297.9% | DD  28.4% | Calmar  10.50 | trades  376 | ✓
Gen 2496 | fit  10.503 | CAGR  297.9% | DD  28.4% | Calmar  10.50 | trades  376 | ✓
Gen 2501 | fit  10.503 | CAGR  297.9% | DD  28.4% | Calmar  10.50 | trades  376 | ✓
Gen 2506 | fit  10.503 | CAGR  297.9% | DD  28.4% | Calmar  10.50 | trades  376 | ✓
Gen 2511 | fit  10.503 | CAGR  297.9% | DD  28.4% | Calmar  10.50 | trades  376 | ✓
Gen 2516 | fit  10.503 | CAGR  297.9% | DD  28.4% | Calmar  10.50 | trades  376 | ✓
Gen 2521 | fit  10.503 | CAGR  297.9% | DD  28.4% | Calmar  10.50 | trades  376 | ✓
Gen 2526 | fit  10.503 | CAGR  297.9% | DD  28.4% | Calmar  10.50 | trades  376 | ✓
Gen 2531 | fit  10.503 | CAGR  297.9% | DD  28.4% | Calmar  10.50 | trades  376 | ✓
Gen 2536 | fit  10.503 | CAGR  297.9% | DD  28.4% | Calmar  10.50 | trades  376 | ✓
Gen 2541 | fit  10.503 | CAGR  297.9% | DD  28.4% | Calmar  10.50 | trades  376 | ✓
Gen 2546 | fit  10.503 | CAGR  297.9% | DD  28.4% | Calmar  10.50 | trades  376 | ✓
Gen 2551 | fit  10.503 | CAGR  297.9% | DD  28.4% | Calmar  10.50 | trades  376 | ✓
Gen 2556 | fit  10.503 | CAGR  297.9% | DD  28.4% | Calmar  10.50 | trades  376 | ✓
Gen 2561 | fit  10.503 | CAGR  297.9% | DD  28.4% | Calmar  10.50 | trades  376 | ✓
Gen 2566 | fit  10.503 | CAGR  297.9% | DD  28.4% | Calmar  10.50 | trades  376 | ✓

Evolution complete: 2568 gens, 5.0 min

================================================================================
BEST BOT — TRAIN slice (GA saw this)
================================================================================
Fitness (Calmar w/ DD cliff): 10.503
Final equity: $18721858 | Peak: $21166902
CAGR: 297.9% | Max DD: 28.4% | Sortino: 3.17 | Calmar: 10.50
Trades: 376 | Survived: 2602/2602 | Liquidated: NO
vs Buy-hold: $236320000 — BUY-HOLD WINS

================================================================================
BEST BOT — TEST slice (HELD OUT, honest OOS)
================================================================================
Final equity: $1071 | Peak: $1411
CAGR: 1.9% | Max DD: 35.6% | Sortino: 2.52 | Calmar: 0.05
Trades: 165 | Survived: 1349/1349 | Liquidated: NO
vs Buy-hold: $4702 — BUY-HOLD WINS

Evolved genome:
  RSI 28.3/80.3 | MA 7/90/137d
  Entry threshold 0.65 | Base pos 71% | Vol scale 1.99
  Stop 2.0% | Target 100% | Hold 14d | Cool 0d
  Weights trend 0.87 RSI 0.22 momo 0.93
  News fear hack 1.00 reg 0.30 macro 1.00 geo 1.00 mem 10d
  Halving bull 349d boost 1.92x accum 19d

Wrote v2-best-bot.json
